// Jest Snapshot v1, https://goo.gl/fbAQLP

exports[`<List /> render <List /> component as expected 1`] = `""`;
